{
  "version": "1.5.0",
  "plugins_used": [
    {
      "name": "ArtifactoryDetector"
    },
    {
      "name": "AWSKeyDetector"
    },
    {
      "name": "AzureStorageKeyDetector"
    },
    {
      "name": "Base64HighEntropyString",
      "limit": 4.5
    },
    {
      "name": "BasicAuthDetector"
    },
    {
      "name": "CloudantDetector"
    },
    {
      "name": "DiscordBotTokenDetector"
    },
    {
      "name": "GitHubTokenDetector"
    },
    {
      "name": "GitLabTokenDetector"
    },
    {
      "name": "HexHighEntropyString",
      "limit": 3.0
    },
    {
      "name": "IbmCloudIamDetector"
    },
    {
      "name": "IbmCosHmacDetector"
    },
    {
      "name": "IPPublicDetector"
    },
    {
      "name": "JwtTokenDetector"
    },
    {
      "name": "KeywordDetector",
      "keyword_exclude": ""
    },
    {
      "name": "MailchimpDetector"
    },
    {
      "name": "NpmDetector"
    },
    {
      "name": "OpenAIDetector"
    },
    {
      "name": "PrivateKeyDetector"
    },
    {
      "name": "PypiTokenDetector"
    },
    {
      "name": "SendGridDetector"
    },
    {
      "name": "SlackDetector"
    },
    {
      "name": "SoftlayerDetector"
    },
    {
      "name": "SquareOAuthDetector"
    },
    {
      "name": "StripeDetector"
    },
    {
      "name": "TelegramBotTokenDetector"
    },
    {
      "name": "TwilioKeyDetector"
    }
  ],
  "filters_used": [
    {
      "path": "detect_secrets.filters.allowlist.is_line_allowlisted"
    },
    {
      "path": "detect_secrets.filters.common.is_baseline_file",
      "filename": ".secrets.baseline"
    },
    {
      "path": "detect_secrets.filters.common.is_ignored_due_to_verification_policies",
      "min_level": 2
    },
    {
      "path": "detect_secrets.filters.heuristic.is_indirect_reference"
    },
    {
      "path": "detect_secrets.filters.heuristic.is_likely_id_string"
    },
    {
      "path": "detect_secrets.filters.heuristic.is_lock_file"
    },
    {
      "path": "detect_secrets.filters.heuristic.is_not_alphanumeric_string"
    },
    {
      "path": "detect_secrets.filters.heuristic.is_potential_uuid"
    },
    {
      "path": "detect_secrets.filters.heuristic.is_prefixed_with_dollar_sign"
    },
    {
      "path": "detect_secrets.filters.heuristic.is_sequential_string"
    },
    {
      "path": "detect_secrets.filters.heuristic.is_swagger_file"
    },
    {
      "path": "detect_secrets.filters.heuristic.is_templated_secret"
    },
    {
      "path": "detect_secrets.filters.regex.should_exclude_file",
      "pattern": [
        "^\\.secrets\\.baseline$"
      ]
    }
  ],
  "results": {
    "apeguard.rb": [
      {
        "type": "Hex High Entropy String",
        "filename": "apeguard.rb",
        "hashed_secret": "1b2e66fdb9e993b17c01f8a5a093462608093f34",
        "is_verified": false,
        "line_number": 14
      }
    ],
    "src/scanner/gitleaks.rs": [
      {
        "type": "AWS Access Key",
        "filename": "src/scanner/gitleaks.rs",
        "hashed_secret": "25910f981e85ca04baf359199dd0bd4a3ae738b6",
        "is_verified": false,
        "line_number": 204
      },
      {
        "type": "Secret Keyword",
        "filename": "src/scanner/gitleaks.rs",
        "hashed_secret": "25910f981e85ca04baf359199dd0bd4a3ae738b6",
        "is_verified": false,
        "line_number": 205
      },
      {
        "type": "Base64 High Entropy String",
        "filename": "src/scanner/gitleaks.rs",
        "hashed_secret": "5b4fb03dcc5cd5485fb004dba53e0368577fa27d",
        "is_verified": false,
        "line_number": 217
      },
      {
        "type": "Secret Keyword",
        "filename": "src/scanner/gitleaks.rs",
        "hashed_secret": "159920628cb789601a3ef7859918baa2e9ea7d15",
        "is_verified": false,
        "line_number": 218
      },
      {
        "type": "Secret Keyword",
        "filename": "src/scanner/gitleaks.rs",
        "hashed_secret": "e5e9fa1ba31ecd1ae84f75caaa474f3a663f05f4",
        "is_verified": false,
        "line_number": 279
      }
    ],
    "src/scanner/trivy.rs": [
      {
        "type": "Secret Keyword",
        "filename": "src/scanner/trivy.rs",
        "hashed_secret": "e5e9fa1ba31ecd1ae84f75caaa474f3a663f05f4",
        "is_verified": false,
        "line_number": 47
      },
      {
        "type": "Secret Keyword",
        "filename": "src/scanner/trivy.rs",
        "hashed_secret": "2d32df8b587e6d6d013ec34d748c0d170ce7f7c0",
        "is_verified": false,
        "line_number": 55
      },
      {
        "type": "AWS Access Key",
        "filename": "src/scanner/trivy.rs",
        "hashed_secret": "25910f981e85ca04baf359199dd0bd4a3ae738b6",
        "is_verified": false,
        "line_number": 537
      }
    ],
    "tests/integration.rs": [
      {
        "type": "Secret Keyword",
        "filename": "tests/integration.rs",
        "hashed_secret": "37eddda3c22354814672ba6e6914ded71c4c8eb9",
        "is_verified": false,
        "line_number": 140
      },
      {
        "type": "Secret Keyword",
        "filename": "tests/integration.rs",
        "hashed_secret": "f3bbbd66a63d4bf1747940578ec3d0103530e21d",
        "is_verified": false,
        "line_number": 141
      },
      {
        "type": "Basic Auth Credentials",
        "filename": "tests/integration.rs",
        "hashed_secret": "f2b14f68eb995facb3a1c35287b778d5bd785511",
        "is_verified": false,
        "line_number": 142
      }
    ]
  },
  "generated_at": "2026-07-22T08:58:19Z"
}
